main.c:83:6:HAL_TIM_PeriodElapsedCallback	24	static
main.c:579:6:DWT_Init	4	static
main.c:585:6:delay_micros	24	static
main.c:593:9:lcd_com	16	static
main.c:695:9:lcd_dat	16	static
main.c:793:8:Initialization	8	static
main.c:838:8:InstallationCursor	24	static
main.c:858:9:PrintString	24	static
main.c:882:9:Clear	8	static
main.c:897:5:main	56	static
main.c:1349:6:SystemClock_Config	88	static
main.c:1396:13:MX_RTC_Init	8	static
main.c:1453:13:MX_TIM1_Init	32	static
main.c:1499:13:MX_USART1_UART_Init	8	static
main.c:1532:13:MX_GPIO_Init	40	static
main.c:1590:6:HAL_GPIO_EXTI_Callback	40	static
main.c:2352:6:Error_Handler	4	static,ignoring_inline_asm
